// Jest Snapshot v1, https://goo.gl/fbAQLP

exports[`Spinner should render without failing 1`] = `
<i
  className="fa fa-spinner fa-spin"
/>
`;
