// Jest Snapshot v1, https://goo.gl/fbAQLP

exports[`Heading should render without failing 1`] = `
<div>
  <h1>
    This is a Heading
  </h1>
</div>
`;
