// Jest Snapshot v1, https://goo.gl/fbAQLP

exports[`Dashboard should render without failing 1`] = `
Array [
  <nav
    className="navbar navbar-dark bg-dark"
  >
    <a
      className="navbar-brand"
      href="/dashboard"
    >
      Home
    </a>
    <a
      className="navbar-brand"
      href="/login"
      onClick={[Function]}
    >
      Logout
    </a>
  </nav>,
  <br />,
  <table>
    <tbody>
      <tr>
        <th>
          Destination
        </th>
        <th>
          Order Nickname
        </th>
        <th>
          Status
        </th>
        <th>
          Pickup Location
        </th>
      </tr>
      You do not have any posts
    </tbody>
  </table>,
]
`;
